make[1]: 警告: 副次 make で -jN を強制指定しました: jobserver モードを無効にします.
make[1]: ディレクトリ '/home/guicho/repos/presentations/2016-12-1-ibmresearch' に入ります
make -C img
make -C css
make -C scripts
make[2]: ディレクトリ '/home/guicho/repos/presentations/2016-12-1-ibmresearch/img' に入ります
make[2]: ディレクトリ '/home/guicho/repos/presentations/2016-12-1-ibmresearch/css' に入ります
sass --update .
make[2]: ディレクトリ '/home/guicho/repos/presentations/2016-12-1-ibmresearch/scripts' に入ります
make[2]: 'all' に対して行うべき事はありません.
make[2]: ディレクトリ '/home/guicho/repos/presentations/2016-12-1-ibmresearch/scripts' から出ます
scripts/org-html.sh presen.org presen.org.html
scripts/org-latex.sh presen.org presen.org.tex
make[2]: 'all' に対して行うべき事はありません.
make[2]: ディレクトリ '/home/guicho/repos/presentations/2016-12-1-ibmresearch/img' から出ます
Loading /home/guicho/repos/presentations/2016-12-1-ibmresearch/scripts/compile-org-latex.el (source)...
Loading /home/guicho/repos/presentations/2016-12-1-ibmresearch/scripts/compile-org-html.el (source)...
make[2]: ディレクトリ '/home/guicho/repos/presentations/2016-12-1-ibmresearch/css' から出ます
Saving file /home/guicho/repos/presentations/2016-12-1-ibmresearch/presen.org.tex...
Saving file /home/guicho/repos/presentations/2016-12-1-ibmresearch/presen.org.html...
Wrote /home/guicho/repos/presentations/2016-12-1-ibmresearch/presen.org.tex
platex presen-nokey.tex
platex presen.tex
platex resume.tex
Wrote /home/guicho/repos/presentations/2016-12-1-ibmresearch/presen.org.html
cp -f presen.org.html index.html
This is e-pTeX, Version 3.14159265-p3.6-141210-2.6 (utf8.euc) (TeX Live 2015/Debian) (preloaded format=platex)
 restricted \write18 enabled.
This is e-pTeX, Version 3.14159265-p3.6-141210-2.6 (utf8.euc) (TeX Live 2015/Debian) (preloaded format=platex)
 restricted \write18 enabled.
This is e-pTeX, Version 3.14159265-p3.6-141210-2.6 (utf8.euc) (TeX Live 2015/Debian) (preloaded format=platex)
 restricted \write18 enabled.
entering extended mode
(./presen-nokey.tex
pLaTeX2e <2006/11/10> (based on LaTeX2e <2016/02/01> patch level 0)
Babel <3.9n> and hyphenation patterns for 80 languages loaded.
(./extarticle.cls
Document Class: extarticle 1996/10/08 v1.0 Non Standard LaTeX document class
(/usr/share/texlive/texmf-dist/tex/latex/extsizes/size17.clo)
(/usr/share/texlive/texmf-dist/tex/latex/base/exscale.sty)entering extended mode
(./resume.tex
pLaTeX2e <2006/11/10> (based on LaTeX2e <2016/02/01> patch level 0)
Babel <3.9n> and hyphenation patterns for 80 languages loaded.
(/usr/share/texlive/texmf-dist/tex/latex/base/article.clsentering extended mode
(./presen.tex
pLaTeX2e <2006/11/10> (based on LaTeX2e <2016/02/01> patch level 0)
Babel <3.9n> and hyphenation patterns for 80 languages loaded.
(./extarticle.cls
Document Class: article 2014/09/29 v1.4h Standard LaTeX document class
(/usr/share/texlive/texmf-dist/tex/latex/base/size12.clo)
(/usr/share/texlive/texmf-dist/tex/latex/geometry/geometry.sty
(/usr/share/texlive/texmf-dist/tex/latex/graphics/keyval.sty)
Document Class: extarticle 1996/10/08 v1.0 Non Standard LaTeX document class
(/usr/share/texlive/texmf-dist/tex/latex/extsizes/size17.clo)
(/usr/share/texlive/texmf-dist/tex/generic/oberdiek/ifpdf.sty)
(/usr/share/texlive/texmf-dist/tex/generic/oberdiek/ifvtex.sty))
(/usr/share/texlive/texmf-dist/tex/generic/ifxetex/ifxetex.sty
(/usr/share/texlive/texmf-dist/tex/latex/base/exscale.sty)))
(/usr/share/texlive/texmf-dist/tex/latex/geometry/geometry.sty
(/usr/share/texlive/texmf-dist/tex/latex/graphics/keyval.sty)
(/usr/share/texlive/texmf-dist/tex/generic/oberdiek/ifpdf.sty)
(/usr/share/texlive/texmf-dist/tex/generic/oberdiek/ifvtex.sty))
(/usr/share/texlive/texmf-dist/tex/generic/ifxetex/ifxetex.sty
(/usr/share/texlive/texmf-dist/tex/latex/geometry/geometry.sty)
(/usr/share/texlive/texmf-dist/tex/latex/graphics/keyval.sty)
(/usr/share/texlive/texmf-dist/tex/generic/oberdiek/ifpdf.sty))
(./sty/anorg.sty
(/usr/share/texlive/texmf-dist/tex/generic/oberdiek/ifvtex.sty (/usr/share/texlive/texmf-dist/tex/latex/graphics/graphicx.sty
)(/usr/share/texlive/texmf-dist/tex/latex/graphics/graphics.sty
(/usr/share/texlive/texmf-dist/tex/generic/ifxetex/ifxetex.sty)
(/usr/share/texlive/texmf-dist/tex/latex/graphics/trig.sty)
(/usr/share/texlive/texmf-dist/tex/latex/latexconfig/graphics.cfg)
(/usr/share/texlive/texmf-dist/tex/latex/dvipdfmx-def/dvipdfmx.def
(/usr/share/texlive/texmf-dist/tex/generic/oberdiek/infwarerr.sty)
(./sty/anorg.sty) (/usr/share/texlive/texmf-dist/tex/latex/graphics/graphicx.sty

(/usr/share/texlive/texmf-dist/tex/generic/oberdiek/ltxcmds.sty(/usr/share/texlive/texmf-dist/tex/latex/graphics/graphics.sty
(/usr/share/texlive/texmf-dist/tex/latex/graphics/trig.sty))
(/usr/share/texlive/texmf-dist/tex/latex/latexconfig/graphics.cfg)))
(./sty/anorg.sty (/usr/share/texlive/texmf-dist/tex/latex/graphics/graphicx.sty
)(/usr/share/texlive/texmf-dist/tex/latex/graphics/graphics.sty
(/usr/share/texlive/texmf-dist/tex/latex/dvipdfmx-def/dvipdfmx.def
(/usr/share/texlive/texmf-dist/tex/latex/graphics/trig.sty))
(/usr/share/texlive/texmf-dist/tex/generic/oberdiek/infwarerr.sty
(/usr/share/texlive/texmf-dist/tex/latex/xcolor/xcolor.sty)
(/usr/share/texlive/texmf-dist/tex/latex/latexconfig/graphics.cfg
(/usr/share/texlive/texmf-dist/tex/generic/oberdiek/ltxcmds.sty)
(/usr/share/texlive/texmf-dist/tex/latex/dvipdfmx-def/dvipdfmx.def)
(/usr/share/texlive/texmf-dist/tex/latex/latexconfig/color.cfg)
(/usr/share/texlive/texmf-dist/tex/generic/oberdiek/infwarerr.sty))
(/usr/share/texlive/texmf-dist/tex/generic/oberdiek/ltxcmds.sty))
(/usr/share/texlive/texmf-dist/tex/latex/xcolor/xcolor.sty))))
(/usr/share/texlive/texmf-dist/tex/latex/latexconfig/color.cfg)
(/usr/share/texlive/texmf-dist/tex/latex/xcolor/xcolor.sty
(/usr/share/texlive/texmf-dist/tex/latex/latexconfig/color.cfg))
(/usr/share/texlive/texmf-dist/tex/latex/hyperref/hyperref.sty
(/usr/share/texlive/texmf-dist/tex/generic/oberdiek/hobsub-hyperref.sty
(/usr/share/texlive/texmf-dist/tex/generic/oberdiek/hobsub-generic.sty)
(/usr/share/texlive/texmf-dist/tex/latex/hyperref/hyperref.sty
(/usr/share/texlive/texmf-dist/tex/generic/oberdiek/hobsub-hyperref.sty
(/usr/share/texlive/texmf-dist/tex/generic/oberdiek/hobsub-generic.sty)
(/usr/share/texlive/texmf-dist/tex/latex/hyperref/hyperref.sty
(/usr/share/texlive/texmf-dist/tex/generic/oberdiek/hobsub-hyperref.sty
(/usr/share/texlive/texmf-dist/tex/generic/oberdiek/hobsub-generic.sty)))
(/usr/share/texlive/texmf-dist/tex/latex/oberdiek/auxhook.sty)
(/usr/share/texlive/texmf-dist/tex/latex/oberdiek/kvoptions.sty))
(/usr/share/texlive/texmf-dist/tex/latex/oberdiek/auxhook.sty)
(/usr/share/texlive/texmf-dist/tex/latex/oberdiek/kvoptions.sty
(/usr/share/texlive/texmf-dist/tex/latex/hyperref/pd1enc.def))
(/usr/share/texlive/texmf-dist/tex/latex/hyperref/pd1enc.def)))
(/usr/share/texlive/texmf-dist/tex/latex/oberdiek/auxhook.sty)
(/usr/share/texlive/texmf-dist/tex/latex/oberdiek/kvoptions.sty)
(/usr/share/texlive/texmf-dist/tex/latex/hyperref/pd1enc.def
(/usr/share/texlive/texmf-dist/tex/latex/latexconfig/hyperref.cfg)
(/usr/share/texlive/texmf-dist/tex/latex/url/url.sty
(/usr/share/texlive/texmf-dist/tex/latex/latexconfig/hyperref.cfg)))
(/usr/share/texlive/texmf-dist/tex/latex/url/url.sty))
(/usr/share/texlive/texmf-dist/tex/latex/latexconfig/hyperref.cfg)

Package hyperref Message: Driver: hdvipdfm.

(/usr/share/texlive/texmf-dist/tex/latex/hyperref/hdvipdfm.def)
(/usr/share/texlive/texmf-dist/tex/latex/url/url.sty

Package hyperref Message: Driver: hdvipdfm.

(/usr/share/texlive/texmf-dist/tex/latex/hyperref/hdvipdfm.def)
(/usr/share/texlive/texmf-dist/tex/latex/oberdiek/rerunfilecheck.sty
(/usr/share/texlive/texmf-dist/tex/latex/oberdiek/rerunfilecheck.sty))
(/usr/share/texlive/texmf-dist/tex/latex/oberdiek/grffile.sty))
(/usr/share/texlive/texmf-dist/tex/latex/oberdiek/grffile.sty)
(/usr/share/texlive/texmf-dist/tex/latex/psnfss/times.sty)
(/usr/share/texlive/texmf-dist/tex/latex/psnfss/helvet.sty)
(/usr/share/texlive/texmf-dist/tex/latex/psnfss/courier.sty)
(/usr/share/texlive/texmf-dist/tex/generic/ulem/ulem.sty)
(/usr/share/texlive/texmf-dist/tex/latex/psnfss/times.sty)
(/usr/share/texlive/texmf-dist/tex/latex/psnfss/helvet.sty))
(/usr/share/texlive/texmf-dist/tex/latex/amsmath/amsmath.sty
(/usr/share/texlive/texmf-dist/tex/latex/psnfss/courier.sty)
(/usr/share/texlive/texmf-dist/tex/generic/ulem/ulem.sty)
For additional information on amsmath, use the `?' option.
(/usr/share/texlive/texmf-dist/tex/latex/amsmath/amstext.sty

Package hyperref Message: Driver: hdvipdfm.

(/usr/share/texlive/texmf-dist/tex/latex/hyperref/hdvipdfm.def
(/usr/share/texlive/texmf-dist/tex/latex/amsmath/amsgen.sty))
(/usr/share/texlive/texmf-dist/tex/latex/amsmath/amsmath.sty)
(/usr/share/texlive/texmf-dist/tex/latex/amsmath/amsbsy.sty)
For additional information on amsmath, use the `?' option.
(/usr/share/texlive/texmf-dist/tex/latex/amsmath/amstext.sty
(/usr/share/texlive/texmf-dist/tex/latex/amsmath/amsopn.sty
(/usr/share/texlive/texmf-dist/tex/latex/amsmath/amsgen.sty)))
(/usr/share/texlive/texmf-dist/tex/latex/amsmath/amsbsy.sty)
(/usr/share/texlive/texmf-dist/tex/latex/oberdiek/rerunfilecheck.sty
(/usr/share/texlive/texmf-dist/tex/latex/amsmath/amsopn.sty)))
(/usr/share/texlive/texmf-dist/tex/latex/oberdiek/grffile.sty)
(/usr/share/texlive/texmf-dist/tex/latex/psnfss/times.sty)
(/usr/share/texlive/texmf-dist/tex/latex/psnfss/helvet.sty)
(/usr/share/texlive/texmf-dist/tex/latex/psnfss/courier.sty)
(/usr/share/texlive/texmf-dist/tex/generic/ulem/ulem.sty))
(/usr/share/texlive/texmf-dist/tex/latex/amsmath/amsmath.sty
(/usr/share/texlive/texmf-dist/tex/latex/amsfonts/amssymb.sty
(/usr/share/texlive/texmf-dist/tex/latex/amsfonts/amsfonts.sty)
For additional information on amsmath, use the `?' option.
(/usr/share/texlive/texmf-dist/tex/latex/amsmath/amstext.sty
(/usr/share/texlive/texmf-dist/tex/latex/amsfonts/amssymb.sty
(/usr/share/texlive/texmf-dist/tex/latex/amsmath/amsgen.sty
(/usr/share/texlive/texmf-dist/tex/latex/amsfonts/amsfonts.sty)))
(/usr/share/texlive/texmf-dist/tex/latex/amsmath/amsbsy.sty)
(/usr/share/texlive/texmf-dist/tex/latex/amsmath/amsopn.sty)))
(/usr/share/texlive/texmf-dist/tex/latex/relsize/relsize.sty)
(/usr/share/texlive/texmf-dist/tex/latex/relsize/relsize.sty)
(/usr/share/texlive/texmf-dist/tex/latex/parskip/parskip.sty))
(/usr/share/texlive/texmf-dist/tex/platex/pxjahyper/pxjahyper.sty
(/usr/share/texlive/texmf-dist/tex/latex/parskip/parskip.sty)
(/usr/share/texlive/texmf-dist/tex/platex/pxjahyper/pxjahyper.sty)
(/usr/share/texlive/texmf-dist/tex/latex/amsfonts/amssymb.sty
(/usr/share/texlive/texmf-dist/tex/latex/amsfonts/amsfonts.sty)
(./sty/user.sty))
(./sty/user.sty)

Package hyperref Warning: Option `bookmarks' has already been used,
(hyperref)                setting the option has no effect on input line 15.

)
(/usr/share/texlive/texmf-dist/tex/latex/relsize/relsize.sty

Package hyperref Warning: Option `bookmarks' has already been used,
(hyperref)                setting the option has no effect on input line 15.

) (/usr/share/texlive/texmf-dist/tex/latex/environ/environ.sty
(/usr/share/texlive/texmf-dist/tex/latex/trimspaces/trimspaces.sty) (/usr/share/texlive/texmf-dist/tex/latex/environ/environ.sty)
(/usr/share/texlive/texmf-dist/tex/latex/parskip/parskip.sty
(/usr/share/texlive/texmf-dist/tex/latex/trimspaces/trimspaces.sty)))
(/usr/share/texlive/texmf-dist/tex/platex/pxjahyper/pxjahyper.sty)
(/usr/share/texlive/texmf-dist/tex/latex/adjustbox/adjustbox.sty
(/usr/share/texlive/texmf-dist/tex/latex/xkeyval/xkeyval.sty
(/usr/share/texlive/texmf-dist/tex/latex/adjustbox/adjustbox.sty
(/usr/share/texlive/texmf-dist/tex/generic/xkeyval/xkeyval.tex)
(/usr/share/texlive/texmf-dist/tex/latex/xkeyval/xkeyval.sty
(/usr/share/texlive/texmf-dist/tex/generic/xkeyval/xkvutils.tex
(./sty/user.sty
(/usr/share/texlive/texmf-dist/tex/generic/xkeyval/xkeyval.tex
(/usr/share/texlive/texmf-dist/tex/generic/xkeyval/xkvutils.tex))))))
(/usr/share/texlive/texmf-dist/tex/latex/adjustbox/adjcalc.sty
(/usr/share/texlive/texmf-dist/tex/latex/adjustbox/adjcalc.sty))
(/usr/share/texlive/texmf-dist/tex/latex/adjustbox/trimclip.sty
(/usr/share/texlive/texmf-dist/tex/latex/adjustbox/trimclip.sty
(/usr/share/texlive/texmf-dist/tex/latex/collectbox/collectbox.sty
(/usr/share/texlive/texmf-dist/tex/latex/collectbox/collectbox.sty

Package hyperref Warning: Option `bookmarks' has already been used,
(hyperref)                setting the option has no effect on input line 15.

))) (/usr/share/texlive/texmf-dist/tex/latex/environ/environ.sty
(/usr/share/texlive/texmf-dist/tex/latex/trimspaces/trimspaces.sty
(/usr/share/texlive/texmf-dist/tex/latex/adjustbox/tc-pgf.def)
(/usr/share/texlive/texmf-dist/tex/latex/adjustbox/tc-pgf.def
(/usr/share/texlive/texmf-dist/tex/latex/pgf/basiclayer/pgf.sty)
(/usr/share/texlive/texmf-dist/tex/latex/pgf/basiclayer/pgf.sty
(/usr/share/texlive/texmf-dist/tex/latex/pgf/utilities/pgfrcs.sty
(/usr/share/texlive/texmf-dist/tex/latex/pgf/utilities/pgfrcs.sty
(/usr/share/texlive/texmf-dist/tex/generic/pgf/utilities/pgfutil-common.tex
(/usr/share/texlive/texmf-dist/tex/generic/pgf/utilities/pgfutil-common.tex
(/usr/share/texlive/texmf-dist/tex/generic/pgf/utilities/pgfutil-common-lists.t
ex
(/usr/share/texlive/texmf-dist/tex/generic/pgf/utilities/pgfutil-common-lists.t
ex)))) (/usr/share/texlive/texmf-dist/tex/generic/pgf/utilities/pgfutil-latex.def
 (/usr/share/texlive/texmf-dist/tex/generic/pgf/utilities/pgfutil-latex.def

(/usr/share/texlive/texmf-dist/tex/latex/adjustbox/adjustbox.sty(/usr/share/texlive/texmf-dist/tex/latex/ms/everyshi.sty(/usr/share/texlive/texmf-dist/tex/latex/ms/everyshi.sty
(/usr/share/texlive/texmf-dist/tex/latex/xkeyval/xkeyval.sty)
(/usr/share/texlive/texmf-dist/tex/generic/xkeyval/xkeyval.tex))
(/usr/share/texlive/texmf-dist/tex/generic/xkeyval/xkvutils.tex)
(/usr/share/texlive/texmf-dist/tex/generic/pgf/utilities/pgfrcs.code.tex
(/usr/share/texlive/texmf-dist/tex/generic/pgf/utilities/pgfrcs.code.tex)))))
(/usr/share/texlive/texmf-dist/tex/latex/pgf/basiclayer/pgfcore.sty
(/usr/share/texlive/texmf-dist/tex/latex/pgf/basiclayer/pgfcore.sty
(/usr/share/texlive/texmf-dist/tex/latex/pgf/systemlayer/pgfsys.sty)
(/usr/share/texlive/texmf-dist/tex/latex/pgf/systemlayer/pgfsys.sty
(/usr/share/texlive/texmf-dist/tex/generic/pgf/systemlayer/pgfsys.code.tex
(/usr/share/texlive/texmf-dist/tex/generic/pgf/systemlayer/pgfsys.code.tex
(/usr/share/texlive/texmf-dist/tex/generic/pgf/utilities/pgfkeys.code.tex)
(/usr/share/texlive/texmf-dist/tex/generic/pgf/utilities/pgfkeys.code.tex
(/usr/share/texlive/texmf-dist/tex/latex/adjustbox/adjcalc.sty)
(/usr/share/texlive/texmf-dist/tex/latex/adjustbox/trimclip.sty
(/usr/share/texlive/texmf-dist/tex/latex/collectbox/collectbox.sty)
(/usr/share/texlive/texmf-dist/tex/latex/adjustbox/tc-pgf.def
(/usr/share/texlive/texmf-dist/tex/latex/pgf/basiclayer/pgf.sty
(/usr/share/texlive/texmf-dist/tex/latex/pgf/utilities/pgfrcs.sty
(/usr/share/texlive/texmf-dist/tex/generic/pgf/utilities/pgfutil-common.tex
(/usr/share/texlive/texmf-dist/tex/generic/pgf/utilities/pgfkeysfiltered.code.t
ex
(/usr/share/texlive/texmf-dist/tex/generic/pgf/utilities/pgfkeysfiltered.code.t
ex
(/usr/share/texlive/texmf-dist/tex/generic/pgf/utilities/pgfutil-common-lists.t
ex)) (/usr/share/texlive/texmf-dist/tex/generic/pgf/utilities/pgfutil-latex.def
(/usr/share/texlive/texmf-dist/tex/latex/ms/everyshi.sty))
(/usr/share/texlive/texmf-dist/tex/generic/pgf/utilities/pgfrcs.code.tex))
(/usr/share/texlive/texmf-dist/tex/latex/pgf/basiclayer/pgfcore.sty))
(/usr/share/texlive/texmf-dist/tex/latex/pgf/systemlayer/pgfsys.sty))
(/usr/share/texlive/texmf-dist/tex/generic/pgf/systemlayer/pgfsys.code.tex
(/usr/share/texlive/texmf-dist/tex/generic/pgf/utilities/pgfkeys.code.tex (/usr/share/texlive/texmf-dist/tex/generic/pgf/systemlayer/pgf.cfg) (/usr/share/texlive/texmf-dist/tex/generic/pgf/systemlayer/pgf.cfg)
(/usr/share/texlive/texmf-dist/tex/generic/pgf/systemlayer/pgfsys-dvipdfmx.def
(/usr/share/texlive/texmf-dist/tex/generic/pgf/systemlayer/pgfsys-common-pdf.de
f
(/usr/share/texlive/texmf-dist/tex/generic/pgf/systemlayer/pgfsys-dvipdfmx.def
(/usr/share/texlive/texmf-dist/tex/generic/pgf/systemlayer/pgfsys-common-pdf.de
f))))))
(/usr/share/texlive/texmf-dist/tex/generic/pgf/systemlayer/pgfsyssoftpath.code.
tex
(/usr/share/texlive/texmf-dist/tex/generic/pgf/systemlayer/pgfsyssoftpath.code.
tex)
(/usr/share/texlive/texmf-dist/tex/generic/pgf/systemlayer/pgfsysprotocol.code.
tex)))
(/usr/share/texlive/texmf-dist/tex/generic/pgf/systemlayer/pgfsysprotocol.code.
tex))
(/usr/share/texlive/texmf-dist/tex/generic/pgf/basiclayer/pgfcore.code.tex
(/usr/share/texlive/texmf-dist/tex/generic/pgf/math/pgfmath.code.tex
(/usr/share/texlive/texmf-dist/tex/generic/pgf/basiclayer/pgfcore.code.tex
(/usr/share/texlive/texmf-dist/tex/generic/pgf/math/pgfmathcalc.code.tex
(/usr/share/texlive/texmf-dist/tex/generic/pgf/math/pgfmath.code.tex
(/usr/share/texlive/texmf-dist/tex/generic/pgf/math/pgfmathutil.code.tex
(/usr/share/texlive/texmf-dist/tex/generic/pgf/math/pgfmathcalc.code.tex
(/usr/share/texlive/texmf-dist/tex/generic/pgf/math/pgfmathutil.code.tex
(/usr/share/texlive/texmf-dist/tex/generic/pgf/utilities/pgfkeysfiltered.code.t
ex)
(/usr/share/texlive/texmf-dist/tex/generic/pgf/math/pgfmathparser.code.tex)
(/usr/share/texlive/texmf-dist/tex/generic/pgf/math/pgfmathparser.code.tex)
(/usr/share/texlive/texmf-dist/tex/generic/pgf/math/pgfmathfunctions.code.tex)))
(/usr/share/texlive/texmf-dist/tex/generic/pgf/math/pgfmathfunctions.code.tex
(/usr/share/texlive/texmf-dist/tex/generic/pgf/math/pgfmathfunctions.basic.code
.tex
(/usr/share/texlive/texmf-dist/tex/generic/pgf/math/pgfmathfunctions.basic.code
.tex (/usr/share/texlive/texmf-dist/tex/generic/pgf/systemlayer/pgf.cfg)
(/usr/share/texlive/texmf-dist/tex/generic/pgf/systemlayer/pgfsys-dvipdfmx.def
(/usr/share/texlive/texmf-dist/tex/generic/pgf/systemlayer/pgfsys-common-pdf.de
f))
(/usr/share/texlive/texmf-dist/tex/generic/pgf/math/pgfmathfunctions.trigonomet
ric.code.tex)
(/usr/share/texlive/texmf-dist/tex/generic/pgf/math/pgfmathfunctions.trigonomet
ric.code.tex))
(/usr/share/texlive/texmf-dist/tex/generic/pgf/systemlayer/pgfsyssoftpath.code.
tex)
(/usr/share/texlive/texmf-dist/tex/generic/pgf/systemlayer/pgfsysprotocol.code.
tex))
(/usr/share/texlive/texmf-dist/tex/generic/pgf/basiclayer/pgfcore.code.tex
(/usr/share/texlive/texmf-dist/tex/generic/pgf/math/pgfmath.code.tex
(/usr/share/texlive/texmf-dist/tex/generic/pgf/math/pgfmathcalc.code.tex
(/usr/share/texlive/texmf-dist/tex/generic/pgf/math/pgfmathutil.code.tex)
(/usr/share/texlive/texmf-dist/tex/generic/pgf/math/pgfmathparser.code.tex)
(/usr/share/texlive/texmf-dist/tex/generic/pgf/math/pgfmathfunctions.code.tex
(/usr/share/texlive/texmf-dist/tex/generic/pgf/math/pgfmathfunctions.basic.code
.tex))
(/usr/share/texlive/texmf-dist/tex/generic/pgf/math/pgfmathfunctions.trigonomet
ric.code.tex
(/usr/share/texlive/texmf-dist/tex/generic/pgf/math/pgfmathfunctions.random.cod
e.tex))
(/usr/share/texlive/texmf-dist/tex/generic/pgf/math/pgfmathfunctions.random.cod
e.tex
(/usr/share/texlive/texmf-dist/tex/generic/pgf/math/pgfmathfunctions.comparison
.code.tex)
(/usr/share/texlive/texmf-dist/tex/generic/pgf/math/pgfmathfunctions.comparison
.code.tex)
(/usr/share/texlive/texmf-dist/tex/generic/pgf/math/pgfmathfunctions.base.code.
tex)
(/usr/share/texlive/texmf-dist/tex/generic/pgf/math/pgfmathfunctions.base.code.
tex)
(/usr/share/texlive/texmf-dist/tex/generic/pgf/math/pgfmathfunctions.round.code
.tex))
(/usr/share/texlive/texmf-dist/tex/generic/pgf/math/pgfmathfunctions.round.code
.tex
(/usr/share/texlive/texmf-dist/tex/generic/pgf/math/pgfmathfunctions.misc.code.
tex)
(/usr/share/texlive/texmf-dist/tex/generic/pgf/math/pgfmathfunctions.misc.code.
tex)
(/usr/share/texlive/texmf-dist/tex/generic/pgf/math/pgfmathfunctions.integerari
thmetics.code.tex)))
(/usr/share/texlive/texmf-dist/tex/generic/pgf/math/pgfmathfunctions.integerari
thmetics.code.tex)))
(/usr/share/texlive/texmf-dist/tex/generic/pgf/math/pgfmathfloat.code.tex)
(/usr/share/texlive/texmf-dist/tex/generic/pgf/math/pgfmathfloat.code.tex)
(/usr/share/texlive/texmf-dist/tex/generic/pgf/math/pgfmathfunctions.random.cod
e.tex)
(/usr/share/texlive/texmf-dist/tex/generic/pgf/math/pgfmathfunctions.comparison
.code.tex)
(/usr/share/texlive/texmf-dist/tex/generic/pgf/math/pgfmathfunctions.base.code.
tex)
(/usr/share/texlive/texmf-dist/tex/generic/pgf/math/pgfmathfunctions.round.code
.tex)
(/usr/share/texlive/texmf-dist/tex/generic/pgf/math/pgfmathfunctions.misc.code.
tex)
(/usr/share/texlive/texmf-dist/tex/generic/pgf/math/pgfmathfunctions.integerari
thmetics.code.tex)))
(/usr/share/texlive/texmf-dist/tex/generic/pgf/math/pgfmathfloat.code.tex))
(/usr/share/texlive/texmf-dist/tex/generic/pgf/basiclayer/pgfcorepoints.code.te
x))
(/usr/share/texlive/texmf-dist/tex/generic/pgf/basiclayer/pgfcorepoints.code.te
x)
(/usr/share/texlive/texmf-dist/tex/generic/pgf/basiclayer/pgfcorepathconstruct.
code.tex)
(/usr/share/texlive/texmf-dist/tex/generic/pgf/basiclayer/pgfcorepathconstruct.
code.tex)
(/usr/share/texlive/texmf-dist/tex/generic/pgf/basiclayer/pgfcorepathusage.code
.tex)
(/usr/share/texlive/texmf-dist/tex/generic/pgf/basiclayer/pgfcorepathusage.code
.tex)
(/usr/share/texlive/texmf-dist/tex/generic/pgf/basiclayer/pgfcorescopes.code.te
x)
(/usr/share/texlive/texmf-dist/tex/generic/pgf/basiclayer/pgfcorescopes.code.te
x)))
(/usr/share/texlive/texmf-dist/tex/generic/pgf/basiclayer/pgfcoregraphicstate.c
ode.tex
(/usr/share/texlive/texmf-dist/tex/generic/pgf/basiclayer/pgfcorepoints.code.te
x)
(/usr/share/texlive/texmf-dist/tex/generic/pgf/basiclayer/pgfcoretransformation
s.code.tex)
(/usr/share/texlive/texmf-dist/tex/generic/pgf/basiclayer/pgfcoregraphicstate.c
ode.tex))
(/usr/share/texlive/texmf-dist/tex/generic/pgf/basiclayer/pgfcoretransformation
s.code.tex
(/usr/share/texlive/texmf-dist/tex/generic/pgf/basiclayer/pgfcorequick.code.tex
)
(/usr/share/texlive/texmf-dist/tex/generic/pgf/basiclayer/pgfcoreobjects.code.t
ex)
(/usr/share/texlive/texmf-dist/tex/generic/pgf/basiclayer/pgfcorepathprocessing
.code.tex)
(/usr/share/texlive/texmf-dist/tex/generic/pgf/basiclayer/pgfcorequick.code.tex
)
(/usr/share/texlive/texmf-dist/tex/generic/pgf/basiclayer/pgfcoreobjects.code.t
ex)))
(/usr/share/texlive/texmf-dist/tex/generic/pgf/basiclayer/pgfcorearrows.code.te
x
(/usr/share/texlive/texmf-dist/tex/generic/pgf/basiclayer/pgfcorepathprocessing
.code.tex
(/usr/share/texlive/texmf-dist/tex/generic/pgf/basiclayer/pgfcorepathconstruct.
code.tex)
(/usr/share/texlive/texmf-dist/tex/generic/pgf/basiclayer/pgfcorearrows.code.te
x)
(/usr/share/texlive/texmf-dist/tex/generic/pgf/basiclayer/pgfcorepathusage.code
.tex)
(/usr/share/texlive/texmf-dist/tex/generic/pgf/basiclayer/pgfcorescopes.code.te
x)
(/usr/share/texlive/texmf-dist/tex/generic/pgf/basiclayer/pgfcoregraphicstate.c
ode.tex)
(/usr/share/texlive/texmf-dist/tex/generic/pgf/basiclayer/pgfcoretransformation
s.code.tex)
(/usr/share/texlive/texmf-dist/tex/generic/pgf/basiclayer/pgfcorequick.code.tex
)
(/usr/share/texlive/texmf-dist/tex/generic/pgf/basiclayer/pgfcoreobjects.code.t
ex)
(/usr/share/texlive/texmf-dist/tex/generic/pgf/basiclayer/pgfcorepathprocessing
.code.tex)
(/usr/share/texlive/texmf-dist/tex/generic/pgf/basiclayer/pgfcorearrows.code.te
x)
(/usr/share/texlive/texmf-dist/tex/generic/pgf/basiclayer/pgfcoreshade.code.tex
)
(/usr/share/texlive/texmf-dist/tex/generic/pgf/basiclayer/pgfcoreimage.code.tex
)
(/usr/share/texlive/texmf-dist/tex/generic/pgf/basiclayer/pgfcoreshade.code.tex

(/usr/share/texlive/texmf-dist/tex/generic/pgf/basiclayer/pgfcoreexternal.code.
tex)
(/usr/share/texlive/texmf-dist/tex/generic/pgf/basiclayer/pgfcoreimage.code.tex
))
(/usr/share/texlive/texmf-dist/tex/generic/pgf/basiclayer/pgfcorelayers.code.te
x
(/usr/share/texlive/texmf-dist/tex/generic/pgf/basiclayer/pgfcoreexternal.code.
tex)
(/usr/share/texlive/texmf-dist/tex/generic/pgf/basiclayer/pgfcoretransparency.c
ode.tex)
(/usr/share/texlive/texmf-dist/tex/generic/pgf/basiclayer/pgfcorepatterns.code.
tex)))))
(/usr/share/texlive/texmf-dist/tex/generic/pgf/basiclayer/pgfcorelayers.code.te
x
(/usr/share/texlive/texmf-dist/tex/generic/pgf/modules/pgfmoduleshapes.code.tex
)
(/usr/share/texlive/texmf-dist/tex/generic/pgf/basiclayer/pgfcoretransparency.c
ode.tex)
(/usr/share/texlive/texmf-dist/tex/generic/pgf/basiclayer/pgfcorepatterns.code.
tex)))
(/usr/share/texlive/texmf-dist/tex/generic/pgf/modules/pgfmoduleshapes.code.tex
))
(/usr/share/texlive/texmf-dist/tex/generic/pgf/basiclayer/pgfcoreshade.code.tex
 (/usr/share/texlive/texmf-dist/tex/generic/pgf/modules/pgfmoduleplot.code.tex
)
(/usr/share/texlive/texmf-dist/tex/generic/pgf/basiclayer/pgfcoreimage.code.tex
) (/usr/share/texlive/texmf-dist/tex/generic/pgf/modules/pgfmoduleplot.code.tex

(/usr/share/texlive/texmf-dist/tex/generic/pgf/basiclayer/pgfcoreexternal.code.
tex)
(/usr/share/texlive/texmf-dist/tex/latex/pgf/compatibility/pgfcomp-version-0-65
.sty))
(/usr/share/texlive/texmf-dist/tex/generic/pgf/basiclayer/pgfcorelayers.code.te
x)
(/usr/share/texlive/texmf-dist/tex/generic/pgf/basiclayer/pgfcoretransparency.c
ode.tex)
(/usr/share/texlive/texmf-dist/tex/latex/pgf/compatibility/pgfcomp-version-0-65
.sty)
(/usr/share/texlive/texmf-dist/tex/generic/pgf/basiclayer/pgfcorepatterns.code.
tex)))
(/usr/share/texlive/texmf-dist/tex/generic/pgf/modules/pgfmoduleshapes.code.tex
)
(/usr/share/texlive/texmf-dist/tex/latex/pgf/compatibility/pgfcomp-version-1-18
.sty))))) (/usr/share/texlive/texmf-dist/tex/latex/ifoddpage/ifoddpage.sty))
(/usr/share/texlive/texmf-dist/tex/latex/pgf/compatibility/pgfcomp-version-1-18
.sty (/usr/share/texlive/texmf-dist/tex/generic/pgf/modules/pgfmoduleplot.code.tex
))))
(/usr/share/texlive/texmf-dist/tex/latex/varwidth/varwidth.sty (/usr/share/texlive/texmf-dist/tex/latex/ifoddpage/ifoddpage.sty)))
(/usr/share/texlive/texmf-dist/tex/latex/pgf/compatibility/pgfcomp-version-0-65
.sty))
(/usr/share/texlive/texmf-dist/tex/latex/needspace/needspace.sty
(/usr/share/texlive/texmf-dist/tex/latex/varwidth/varwidth.sty) (./resume.aux
))) (I search kanjifont definition file: .) . ) (I search font definition file: .)
. .
(./presen-nokey.aux .
(/usr/share/texlive/texmf-dist/tex/latex/pgf/compatibility/pgfcomp-version-1-18
.sty .) .))) . . ) (/usr/share/texlive/texmf-dist/tex/latex/psnfss/ot1ptm.fd)) (I search kanjifont definition file: . . )
(I search font definition file: . . (/usr/share/texlive/texmf-dist/tex/latex/ifoddpage/ifoddpage.sty .) . . . . . )
(/usr/share/texlive/texmf-dist/tex/latex/psnfss/ot1ptm.fd)
*geometry* driver: auto-detecting
*geometry* detected driver: dvips
(/usr/share/texlive/texmf-dist/tex/latex/hyperref/nameref.sty
(/usr/share/texlive/texmf-dist/tex/generic/oberdiek/gettitlestring.sty
(/usr/share/texlive/texmf-dist/tex/latex/varwidth/varwidth.sty))
*geometry* driver: auto-detecting
*geometry* detected driver: dvips
(/usr/share/texlive/texmf-dist/tex/latex/hyperref/nameref.sty))
(/usr/share/texlive/texmf-dist/tex/generic/oberdiek/gettitlestring.sty (./presen.aux
)
(./resume.out)) (./resume.out) (I search kanjifont definition file: . . ) (I search font definition file: .
. .) .) . . . .
(./presen-nokey.out ) ABD: EveryShipout initializing macros (/usr/share/texlive/texmf-dist/tex/latex/psnfss/ot1ptm.fd))
(./presen.org.tex (./presen-nokey.out)
ABD: EveryShipout initializing macros (./presen.org.tex
*geometry* driver: auto-detecting
*geometry* detected driver: dvips
(/usr/share/texlive/texmf-dist/tex/latex/hyperref/nameref.sty (/usr/share/texlive/texmf-dist/tex/latex/amsfonts/umsa.fd)
(/usr/share/texlive/texmf-dist/tex/generic/oberdiek/gettitlestring.sty
(/usr/share/texlive/texmf-dist/tex/latex/amsfonts/umsb.fd) [1]))
(./presen.out) [2] (./presen.out)
<img/static/ireland.png> ABD: EveryShipout initializing macros
Overfull \hbox (18.00003pt too wide) in paragraph at lines 12--12
[][][]$[]$| 
<img/static/ireland.png>
(/usr/share/texlive/texmf-dist/tex/latex/amsfonts/umsa.fd)
(/usr/share/texlive/texmf-dist/tex/latex/amsfonts/umsb.fd
(/usr/share/texlive/texmf-dist/tex/latex/psnfss/omsptm.fd))
(/usr/share/texlive/texmf-dist/tex/latex/psnfss/omsptm.fd
(/usr/share/texlive/texmf-dist/tex/latex/amsfonts/umsa.fd))
(/usr/share/texlive/texmf-dist/tex/latex/amsfonts/umsb.fd) [3]

LaTeX Warning: No \author given.

(./presen.org.tex [1] [4] [5]
Overfull \hbox (21.60004pt too wide) in paragraph at lines 12--12
[][][]$[]$| 
[1] [6] [2] [2]
[7] <img/static/ireland.png>
<img/static/cooker.jpg>
(/usr/share/texlive/texmf-dist/tex/latex/psnfss/omsptm.fd) <img/static/cooker.jpg> [3] <img/static/display.jpg> [8] [3] [4] <img/static/display.jpg> <img/static/fix.jpg> [9]
Overfull \vbox (380.77734pt too high) has occurred while \output is active
[10] [5] <img/static/fix.jpg> [11] [6]
Overfull \hbox (60.20155pt too wide) in paragraph at lines 139--149
 [] 
<img/static/patric.jpg> [12] [4] [13] <img/static/ingram.jpg>
[7] <img/static/patric.jpg> <img/static/cooker.jpg> [14] <img/static/charlie.jpg> [8]
Underfull \vbox (badness 1205) has occurred while \output is active [5]
<img/static/ingram.jpg> <img/static/display.jpg> [15] [9]
<img/static/roommates.jpg>
Overfull \vbox (397.56662pt too high) has occurred while \output is active
[10] <img/static/charlie.jpg> <img/static/fix.jpg> <img/static/iralia.jpg> [16] [11]
Overfull \vbox (377.63817pt too high) has occurred while \output is active
[17] <img/static/andrei.jpg> <img/static/roommates.jpg>
Overfull \hbox (3.41394pt too wide) in paragraph at lines 139--149
 [] 
[12]
[6] [18] [13] <img/static/campus.png> <img/static/iralia.jpg> <img/static/patric.jpg> [19] [14] <img/campus-fake.png>
<img/static/andrei.jpg> <img/static/ingram.jpg> [20] <img/static/nothing.jpg> [15]
[7] <img/static/campus.png> [21
<img/static/charlie.jpg>] [16]
Overfull \vbox (394.42744pt too high) has occurred while \output is active
[17]
<img/campus-fake.png> [22] <img/static/roommates.jpg> <img/static/nothing.jpg> [18] <img/static/pay.png> [23] [24] <img/static/iralia.jpg> [8] [19] [25]
<img/static/andrei.jpg> [26] [20])
[27] [9 <img/static/campus.png>] (./resume.aux [21] <img/static/pay.png>) )
(see the transcript file for additional information)
Output written on resume.dvi (9 pages, 24424 bytes).
Transcript written on resume.log.

<img/campus-fake.png> [28] [22] <img/static/nothing.jpg> [29] [23]nohup bash -c "nohup dvipdfmx -f ipa.map -o resume.pdf resume > /dev/null ; cp resume.pdf ~/Dropbox/repos/presentations/2016-12-1-ibmresearch-resume.pdf" &
 [24]) [25] [30] (./presen-nokey.aux) [26] )
(see the transcript file for additional information)
Output written on presen-nokey.dvi (30 pages, 28620 bytes).
Transcript written on presen-nokey.log.

[27] <img/static/pay.png>nohup bash -c "nohup dvipdfmx -f ipa.map -o presen-nokey.pdf presen-nokey > /dev/null ; cp presen-nokey.pdf ~/Dropbox/repos/presentations/2016-12-1-ibmresearch-presen-nokey.pdf" &

Underfull \hbox (badness 10000) in paragraph at lines 299--299
[]\JY1/mc/m/n/20.74 統一賃金支払いシステム\OT1/ptm/m/n/20.74 :

Underfull \hbox (badness 2035) in paragraph at lines 299--299
[]\JY1/mc/m/n/20.74 現地銀行口座を開設するまで

Underfull \hbox (badness 2035) in paragraph at lines 299--299
[]\JY1/mc/m/n/20.74 現金を用意しておかないと一
[28] [29]) [30] (./presen.aux) )
(see the transcript file for additional information)
Output written on presen.dvi (30 pages, 29560 bytes).
Transcript written on presen.log.
nohup bash -c "nohup dvipdfmx -f ipa.map -o presen.pdf presen > /dev/null ; cp presen.pdf ~/Dropbox/repos/presentations/2016-12-1-ibmresearch-presen.pdf" &
make[1]: ディレクトリ '/home/guicho/repos/presentations/2016-12-1-ibmresearch' から出ます
resume -> resume.pdf
presen-nokey -> presen-nokey.pdf
[1
dvipdfmx:warning: Unparsed material at end of special ignored.

Current input buffer is -->! /landplus90 true store<--
presen -> presen.pdf
[1
dvipdfmx:warning: Unparsed material at end of special ignored.

Current input buffer is -->! /landplus90 true store<--
[1][2
dvipdfmx:warning: Unparsed material at end of special ignored.

Current input buffer is -->! /landplus90 true store<--
][3][2][3][2][3][4][5][6][7][8][4][9][10][11][4][5][6][7][8][9][10][12][13][14][5][11][12][13][14][15][6][15][16][17][18][7][19][20][21][16][17][18][19][20][21][22][22][8][9][23][24][25][26][27][28][23][24][25][26][27][28]][29][30]][29][30]
27427900 bytes written
27431161 bytes written

27431997 bytes written

